// Jest Snapshot v1, https://goo.gl/fbAQLP

exports[`GameMistakes correctly renders after relaunch 1`] = `
<div
  className="game__mistakes"
/>
`;
