// Jest Snapshot v1, https://goo.gl/fbAQLP

exports[`GuessGenreScreen correctly renders 1`] = `
<section
  className="game__screen"
>
  <h2
    className="game__title"
  >
    Выберите 
    jazz
     треки
  </h2>
  <form
    className="game__tracks"
    onSubmit={[Function]}
  >
    <div
      className="track"
    >
      <div
        className="game__answer"
      >
        <input
          className="game__input visually-hidden"
          id="answer-1"
          name="answer"
          type="checkbox"
          value="rock"
        />
        <label
          className="game__check"
          htmlFor="answer-1"
        >
          Отметить
        </label>
      </div>
    </div>
    <div
      className="track"
    >
      <div
        className="game__answer"
      >
        <input
          className="game__input visually-hidden"
          id="answer-2"
          name="answer"
          type="checkbox"
          value="jazz"
        />
        <label
          className="game__check"
          htmlFor="answer-2"
        >
          Отметить
        </label>
      </div>
    </div>
    <div
      className="track"
    >
      <div
        className="game__answer"
      >
        <input
          className="game__input visually-hidden"
          id="answer-3"
          name="answer"
          type="checkbox"
          value="pop"
        />
        <label
          className="game__check"
          htmlFor="answer-3"
        >
          Отметить
        </label>
      </div>
    </div>
    <div
      className="track"
    >
      <div
        className="game__answer"
      >
        <input
          className="game__input visually-hidden"
          id="answer-4"
          name="answer"
          type="checkbox"
          value="electronic"
        />
        <label
          className="game__check"
          htmlFor="answer-4"
        >
          Отметить
        </label>
      </div>
    </div>
    <button
      className="game__submit button"
      type="submit"
    >
      Ответить
    </button>
  </form>
</section>
`;
